C51 COMPILER V9.60.7.0   HC_SR04                                                           09/27/2024 00:28:12 PAGE 1   


C51 COMPILER V9.60.7.0, COMPILATION OF MODULE HC_SR04
OBJECT MODULE PLACED IN .\Objects\HC_SR04.obj
COMPILER INVOKED BY: D:\KEILC51\C51\BIN\C51.EXE HC_SR04.c OPTIMIZE(8,SPEED) BROWSE DEBUG OBJECTEXTEND PRINT(.\Listings\H
                    -C_SR04.lst) OBJECT(.\Objects\HC_SR04.obj)

line level    source

   1          #include "HC_SR04.h"
   2          #include "LCD1602.h"
   3          
   4          void Delay10us() {
   5   1          unsigned char i;
   6   1          i = 2;
   7   1          while (--i);
   8   1      }
   9          
  10          
  11          void startHC() {
  12   1          Trig = 0;
  13   1          Trig = 1;
  14   1          Delay10us();
  15   1          Trig = 0;
  16   1      }
  17          
  18          void Time0Init()
  19          {       
  20   1              TMOD &= 0xF0;           //设置定时器模式
  21   1              TMOD |= 0x01;
  22   1              TH0 = 0;
  23   1              TL0 = 0;
  24   1              //设置定时器0工作模式1，初始值设定0开始数数，不着急启动定时器
  25   1      }
  26          
  27          double HC_SR04_GetDistance()
  28          {
  29   1              double time;
  30   1              double dis;
  31   1              Time0Init();
  32   1              
  33   1              while(1){
  34   2                      //1. 让它发送波：给Trig端口至少10us的高电平
  35   2                      startHC();
  36   2                      //2. 开始发送波：Echo信号由低电平跳转到高电平
  37   2                      while(Echo == 0);
  38   2                      //   开始发送波，启动定时器
  39   2                      TR0 = 1;
  40   2                      //3. 接收返回波：Echo信号由高电平跳转回低电平
  41   2                      while(Echo == 1);
  42   2                      //   接收返回波，停止定时器
  43   2                      TR0 = 0;
  44   2                      //4. 计算时间
  45   2                      time = (TH0 * 256 + TL0)*1.085;//us为单位
  46   2                      //5. 距离 = 速度 （340m/s）* 时间/2
  47   2                      dis = time * 0.017;
  48   2                      //定时器数据清零，以便下一次测距
  49   2                      TH0 = 0;
  50   2                      TL0 = 0;
  51   2                      return dis;
  52   2              }
  53   1      }

C51 COMPILER V9.60.7.0   HC_SR04                                                           09/27/2024 00:28:12 PAGE 2   


MODULE INFORMATION:   STATIC OVERLAYABLE
   CODE SIZE        =    105    ----
   CONSTANT SIZE    =   ----    ----
   XDATA SIZE       =   ----    ----
   PDATA SIZE       =   ----    ----
   DATA SIZE        =   ----       4
   IDATA SIZE       =   ----    ----
   BIT SIZE         =   ----    ----
END OF MODULE INFORMATION.


C51 COMPILATION COMPLETE.  0 WARNING(S),  0 ERROR(S)
